// Jest Snapshot v1, https://goo.gl/fbAQLP

exports[`Order should match snapshot 1`] = `
<div
  className="cr-order"
>
  <TabPanel
    fixed={true}
    hideMode="hide"
    onTabChange={[Function]}
    panels={
      Array [
        Object {
          "content": <OrderForm
            fee={10}
            from="btc"
            onSubmit={[Function]}
            orderTypes={
              Array [
                "Limit",
                "Market",
              ]
            }
            priceMarket={5}
            to="eth"
            type="buy"
          />,
          "label": "Buy",
        },
        Object {
          "content": <OrderForm
            fee={10}
            from="btc"
            onSubmit={[Function]}
            orderTypes={
              Array [
                "Limit",
                "Market",
              ]
            }
            priceMarket={10}
            to="eth"
            type="sell"
          />,
          "label": "Sell",
        },
      ]
    }
  />
</div>
`;
