// Jest Snapshot v1, https://goo.gl/fbAQLP

exports[`Button should render 1`] = `
<input
  className="cr-button"
  onClick={[Function]}
  type="button"
  value="ACTIVE"
/>
`;
